$ skills guard-hook
# Bash: ls -la
--- stdin ---
{"session_id":"s1","transcript_path":"/t.jsonl","cwd":"/work","permission_mode":"default","hook_event_name":"PreToolUse","tool_name":"Bash","tool_input":{"command":"ls -la","description":"d"},"tool_use_id":"toolu_01"}
--- exit ---
0
--- stdout ---
--- stderr ---

$ skills guard-hook
# Bash: rg 'labdrian skills approve' docs
--- stdin ---
{"session_id":"s1","transcript_path":"/t.jsonl","cwd":"/work","permission_mode":"default","hook_event_name":"PreToolUse","tool_name":"Bash","tool_input":{"command":"rg 'labdrian skills approve' docs","description":"d"},"tool_use_id":"toolu_01"}
--- exit ---
0
--- stdout ---
--- stderr ---

$ skills guard-hook
# Bash: grep -rn 'labdrian skills approve' .
--- stdin ---
{"session_id":"s1","transcript_path":"/t.jsonl","cwd":"/work","permission_mode":"default","hook_event_name":"PreToolUse","tool_name":"Bash","tool_input":{"command":"grep -rn 'labdrian skills approve' .","description":"d"},"tool_use_id":"toolu_01"}
--- exit ---
0
--- stdout ---
--- stderr ---

$ skills guard-hook
# Bash: rg --pretty 'labdrian skills approve'
--- stdin ---
{"session_id":"s1","transcript_path":"/t.jsonl","cwd":"/work","permission_mode":"default","hook_event_name":"PreToolUse","tool_name":"Bash","tool_input":{"command":"rg --pretty 'labdrian skills approve'","description":"d"},"tool_use_id":"toolu_01"}
--- exit ---
0
--- stdout ---
--- stderr ---

$ skills guard-hook
# Bash: labdrian skills approved
--- stdin ---
{"session_id":"s1","transcript_path":"/t.jsonl","cwd":"/work","permission_mode":"default","hook_event_name":"PreToolUse","tool_name":"Bash","tool_input":{"command":"labdrian skills approved","description":"d"},"tool_use_id":"toolu_01"}
--- exit ---
0
--- stdout ---
--- stderr ---

$ skills guard-hook
# Bash: labdrian skills approve-all
--- stdin ---
{"session_id":"s1","transcript_path":"/t.jsonl","cwd":"/work","permission_mode":"default","hook_event_name":"PreToolUse","tool_name":"Bash","tool_input":{"command":"labdrian skills approve-all","description":"d"},"tool_use_id":"toolu_01"}
--- exit ---
0
--- stdout ---
--- stderr ---

$ skills guard-hook
# Bash: labdrian skills list
--- stdin ---
{"session_id":"s1","transcript_path":"/t.jsonl","cwd":"/work","permission_mode":"default","hook_event_name":"PreToolUse","tool_name":"Bash","tool_input":{"command":"labdrian skills list","description":"d"},"tool_use_id":"toolu_01"}
--- exit ---
0
--- stdout ---
--- stderr ---

$ skills guard-hook
# Bash: echo labdrian skills
--- stdin ---
{"session_id":"s1","transcript_path":"/t.jsonl","cwd":"/work","permission_mode":"default","hook_event_name":"PreToolUse","tool_name":"Bash","tool_input":{"command":"echo labdrian skills","description":"d"},"tool_use_id":"toolu_01"}
--- exit ---
0
--- stdout ---
--- stderr ---

$ skills guard-hook
# Write {"file_path":"/repo/skills/my-skill/SKILL.md","content":"labdrian skills approve --id x"}
--- stdin ---
{"session_id":"s1","transcript_path":"/t.jsonl","cwd":"/work","permission_mode":"default","hook_event_name":"PreToolUse","tool_name":"Write","tool_input":{"file_path":"/repo/skills/my-skill/SKILL.md","content":"labdrian skills approve --id x"},"tool_use_id":"toolu_01"}
--- exit ---
0
--- stdout ---
--- stderr ---

$ skills guard-hook
# Write {"file_path":"/repo/README.md","content":"Run labdrian skills approve."}
--- stdin ---
{"session_id":"s1","transcript_path":"/t.jsonl","cwd":"/work","permission_mode":"default","hook_event_name":"PreToolUse","tool_name":"Write","tool_input":{"file_path":"/repo/README.md","content":"Run labdrian skills approve."},"tool_use_id":"toolu_01"}
--- exit ---
0
--- stdout ---
--- stderr ---

$ skills guard-hook
# Read {"file_path":"/repo/skills/my-skill/.approval.json"}
--- stdin ---
{"session_id":"s1","transcript_path":"/t.jsonl","cwd":"/work","permission_mode":"default","hook_event_name":"PreToolUse","tool_name":"Read","tool_input":{"file_path":"/repo/skills/my-skill/.approval.json"},"tool_use_id":"toolu_01"}
--- exit ---
0
--- stdout ---
--- stderr ---

$ skills guard-hook
# Grep {"pattern":".approval.json","path":"/repo"}
--- stdin ---
{"session_id":"s1","transcript_path":"/t.jsonl","cwd":"/work","permission_mode":"default","hook_event_name":"PreToolUse","tool_name":"Grep","tool_input":{"pattern":".approval.json","path":"/repo"},"tool_use_id":"toolu_01"}
--- exit ---
0
--- stdout ---
--- stderr ---

$ skills guard-hook
# Bash {"file_path":"/repo/skills/x/.approval.json"}
--- stdin ---
{"session_id":"s1","transcript_path":"/t.jsonl","cwd":"/work","permission_mode":"default","hook_event_name":"PreToolUse","tool_name":"Bash","tool_input":{"file_path":"/repo/skills/x/.approval.json"},"tool_use_id":"toolu_01"}
--- exit ---
0
--- stdout ---
--- stderr ---

$ skills guard-hook
# Read {"command":"labdrian skills approve"}
--- stdin ---
{"session_id":"s1","transcript_path":"/t.jsonl","cwd":"/work","permission_mode":"default","hook_event_name":"PreToolUse","tool_name":"Read","tool_input":{"command":"labdrian skills approve"},"tool_use_id":"toolu_01"}
--- exit ---
0
--- stdout ---
--- stderr ---

$ skills guard-hook
# SomethingNew {"command":"labdrian skills approve"}
--- stdin ---
{"session_id":"s1","transcript_path":"/t.jsonl","cwd":"/work","permission_mode":"default","hook_event_name":"PreToolUse","tool_name":"SomethingNew","tool_input":{"command":"labdrian skills approve"},"tool_use_id":"toolu_01"}
--- exit ---
0
--- stdout ---
--- stderr ---

$ skills guard-hook
# bash {"command":"labdrian skills approve"}
--- stdin ---
{"session_id":"s1","transcript_path":"/t.jsonl","cwd":"/work","permission_mode":"default","hook_event_name":"PreToolUse","tool_name":"bash","tool_input":{"command":"labdrian skills approve"},"tool_use_id":"toolu_01"}
--- exit ---
0
--- stdout ---
--- stderr ---

$ skills guard-hook
# Write {}
--- stdin ---
{"session_id":"s1","transcript_path":"/t.jsonl","cwd":"/work","permission_mode":"default","hook_event_name":"PreToolUse","tool_name":"Write","tool_input":{},"tool_use_id":"toolu_01"}
--- exit ---
0
--- stdout ---
--- stderr ---

$ skills guard-hook
# Bash {}
--- stdin ---
{"session_id":"s1","transcript_path":"/t.jsonl","cwd":"/work","permission_mode":"default","hook_event_name":"PreToolUse","tool_name":"Bash","tool_input":{},"tool_use_id":"toolu_01"}
--- exit ---
0
--- stdout ---
--- stderr ---

