$ projection hook --event PreToolUse
# scope none, {"project":"proj-1"}
--- stdin ---
{"session_id":"s1","transcript_path":"/t.jsonl","cwd":"<REPO>","permission_mode":"default","hook_event_name":"PreToolUse","tool_name":"mcp__longterm-mem__query","tool_input":{"project":"proj-1"},"tool_use_id":"toolu_01"}
--- exit ---
0
--- stdout ---
{"hookSpecificOutput":{"hookEventName":"PreToolUse","permissionDecision":"deny","permissionDecisionReason":"labdrian: workflow wf-1 of project proj-1 (profile \"standalone-minimal\") permits no project in its memory plan (scope none), so every longterm-mem query is denied. Stop following this workflow with 'labdrian workflow unbind' to query."}}
--- stderr ---

$ projection hook --event PreToolUse
# scope none, {"project":"other"}
--- stdin ---
{"session_id":"s1","transcript_path":"/t.jsonl","cwd":"<REPO>","permission_mode":"default","hook_event_name":"PreToolUse","tool_name":"mcp__longterm-mem__query","tool_input":{"project":"other"},"tool_use_id":"toolu_01"}
--- exit ---
0
--- stdout ---
{"hookSpecificOutput":{"hookEventName":"PreToolUse","permissionDecision":"deny","permissionDecisionReason":"labdrian: workflow wf-1 of project proj-1 (profile \"standalone-minimal\") permits no project in its memory plan (scope none), so every longterm-mem query is denied. Stop following this workflow with 'labdrian workflow unbind' to query."}}
--- stderr ---

$ projection hook --event PreToolUse
# scope none, {}
--- stdin ---
{"session_id":"s1","transcript_path":"/t.jsonl","cwd":"<REPO>","permission_mode":"default","hook_event_name":"PreToolUse","tool_name":"mcp__longterm-mem__query","tool_input":{},"tool_use_id":"toolu_01"}
--- exit ---
0
--- stdout ---
{"hookSpecificOutput":{"hookEventName":"PreToolUse","permissionDecision":"deny","permissionDecisionReason":"labdrian: workflow wf-1 of project proj-1 (profile \"standalone-minimal\") permits no project in its memory plan (scope none), so every longterm-mem query is denied. Stop following this workflow with 'labdrian workflow unbind' to query."}}
--- stderr ---

$ projection hook --event PreToolUse
# scope none, {"project":""}
--- stdin ---
{"session_id":"s1","transcript_path":"/t.jsonl","cwd":"<REPO>","permission_mode":"default","hook_event_name":"PreToolUse","tool_name":"mcp__longterm-mem__query","tool_input":{"project":""},"tool_use_id":"toolu_01"}
--- exit ---
0
--- stdout ---
{"hookSpecificOutput":{"hookEventName":"PreToolUse","permissionDecision":"deny","permissionDecisionReason":"labdrian: workflow wf-1 of project proj-1 (profile \"standalone-minimal\") permits no project in its memory plan (scope none), so every longterm-mem query is denied. Stop following this workflow with 'labdrian workflow unbind' to query."}}
--- stderr ---

$ projection hook --event PreToolUse
# scope none, "a string"
--- stdin ---
{"session_id":"s1","transcript_path":"/t.jsonl","cwd":"<REPO>","permission_mode":"default","hook_event_name":"PreToolUse","tool_name":"mcp__longterm-mem__query","tool_input":"a string","tool_use_id":"toolu_01"}
--- exit ---
0
--- stdout ---
{"hookSpecificOutput":{"hookEventName":"PreToolUse","permissionDecision":"deny","permissionDecisionReason":"labdrian: workflow wf-1 of project proj-1 (profile \"standalone-minimal\") permits no project in its memory plan (scope none), so every longterm-mem query is denied. Stop following this workflow with 'labdrian workflow unbind' to query."}}
--- stderr ---

$ projection hook --event PreToolUse
# a tool that carries no project is never touched
--- stdin ---
{"session_id":"s1","transcript_path":"/t.jsonl","cwd":"<REPO>","permission_mode":"default","hook_event_name":"PreToolUse","tool_name":"mcp__longterm-mem__get","tool_input":{"engine_id":"e1"},"tool_use_id":"toolu_01"}
--- exit ---
0
--- stdout ---
--- stderr ---

