$ projection hook --event PreToolUse
# a paused workflow denies Write
--- stdin ---
{"session_id":"s1","transcript_path":"/t.jsonl","cwd":"<REPO>","permission_mode":"default","hook_event_name":"PreToolUse","tool_name":"Write","tool_input":{"file_path":"/repo/main.go","old_string":"a","new_string":"b"},"tool_use_id":"toolu_01"}
--- exit ---
0
--- stdout ---
{"hookSpecificOutput":{"hookEventName":"PreToolUse","permissionDecision":"deny","permissionDecisionReason":"labdrian: workflow wf-1 of project proj-1 is paused, so Write is denied: a paused workflow is not to be advanced. Resume it with 'labdrian workflow resume --project proj-1 --workflow wf-1', or stop following it with 'labdrian workflow unbind'."}}
--- stderr ---

$ projection hook --event PreToolUse
# a paused workflow denies Edit
--- stdin ---
{"session_id":"s1","transcript_path":"/t.jsonl","cwd":"<REPO>","permission_mode":"default","hook_event_name":"PreToolUse","tool_name":"Edit","tool_input":{"file_path":"/repo/main.go","old_string":"a","new_string":"b"},"tool_use_id":"toolu_01"}
--- exit ---
0
--- stdout ---
{"hookSpecificOutput":{"hookEventName":"PreToolUse","permissionDecision":"deny","permissionDecisionReason":"labdrian: workflow wf-1 of project proj-1 is paused, so Edit is denied: a paused workflow is not to be advanced. Resume it with 'labdrian workflow resume --project proj-1 --workflow wf-1', or stop following it with 'labdrian workflow unbind'."}}
--- stderr ---

$ projection hook --event PreToolUse
# a paused workflow denies MultiEdit
--- stdin ---
{"session_id":"s1","transcript_path":"/t.jsonl","cwd":"<REPO>","permission_mode":"default","hook_event_name":"PreToolUse","tool_name":"MultiEdit","tool_input":{"file_path":"/repo/main.go","old_string":"a","new_string":"b"},"tool_use_id":"toolu_01"}
--- exit ---
0
--- stdout ---
{"hookSpecificOutput":{"hookEventName":"PreToolUse","permissionDecision":"deny","permissionDecisionReason":"labdrian: workflow wf-1 of project proj-1 is paused, so MultiEdit is denied: a paused workflow is not to be advanced. Resume it with 'labdrian workflow resume --project proj-1 --workflow wf-1', or stop following it with 'labdrian workflow unbind'."}}
--- stderr ---

$ projection hook --event PreToolUse
# a paused workflow denies NotebookEdit
--- stdin ---
{"session_id":"s1","transcript_path":"/t.jsonl","cwd":"<REPO>","permission_mode":"default","hook_event_name":"PreToolUse","tool_name":"NotebookEdit","tool_input":{"file_path":"/repo/main.go","old_string":"a","new_string":"b"},"tool_use_id":"toolu_01"}
--- exit ---
0
--- stdout ---
{"hookSpecificOutput":{"hookEventName":"PreToolUse","permissionDecision":"deny","permissionDecisionReason":"labdrian: workflow wf-1 of project proj-1 is paused, so NotebookEdit is denied: a paused workflow is not to be advanced. Resume it with 'labdrian workflow resume --project proj-1 --workflow wf-1', or stop following it with 'labdrian workflow unbind'."}}
--- stderr ---

$ projection hook --event PreToolUse
# whatever the tool input holds
--- stdin ---
{"session_id":"s1","transcript_path":"/t.jsonl","cwd":"<REPO>","permission_mode":"default","hook_event_name":"PreToolUse","tool_name":"Edit","tool_input":"a string","tool_use_id":"toolu_01"}
--- exit ---
0
--- stdout ---
{"hookSpecificOutput":{"hookEventName":"PreToolUse","permissionDecision":"deny","permissionDecisionReason":"labdrian: workflow wf-1 of project proj-1 is paused, so Edit is denied: a paused workflow is not to be advanced. Resume it with 'labdrian workflow resume --project proj-1 --workflow wf-1', or stop following it with 'labdrian workflow unbind'."}}
--- stderr ---

$ projection hook --event PreToolUse
# a tool input that is missing
--- stdin ---
{"session_id":"s1","transcript_path":"/t.jsonl","cwd":"<REPO>","permission_mode":"default","hook_event_name":"PreToolUse","tool_name":"Edit","tool_input":null,"tool_use_id":"toolu_01"}
--- exit ---
0
--- stdout ---
{"hookSpecificOutput":{"hookEventName":"PreToolUse","permissionDecision":"deny","permissionDecisionReason":"labdrian: workflow wf-1 of project proj-1 is paused, so Edit is denied: a paused workflow is not to be advanced. Resume it with 'labdrian workflow resume --project proj-1 --workflow wf-1', or stop following it with 'labdrian workflow unbind'."}}
--- stderr ---

$ projection hook --event PreToolUse
# no tool input at all
--- stdin ---
{"hook_event_name":"PreToolUse","cwd":"<REPO>","tool_name":"Edit"}
--- exit ---
0
--- stdout ---
{"hookSpecificOutput":{"hookEventName":"PreToolUse","permissionDecision":"deny","permissionDecisionReason":"labdrian: workflow wf-1 of project proj-1 is paused, so Edit is denied: a paused workflow is not to be advanced. Resume it with 'labdrian workflow resume --project proj-1 --workflow wf-1', or stop following it with 'labdrian workflow unbind'."}}
--- stderr ---

