$ projection hook --event PreToolUse
# paused, another project
--- stdin ---
{"session_id":"s1","transcript_path":"/t.jsonl","cwd":"<REPO>","permission_mode":"default","hook_event_name":"PreToolUse","tool_name":"mcp__longterm-mem__query","tool_input":{"project":"other"},"tool_use_id":"toolu_01"}
--- exit ---
0
--- stdout ---
{"hookSpecificOutput":{"hookEventName":"PreToolUse","permissionDecision":"deny","permissionDecisionReason":"labdrian: this longterm-mem query asks for project \"other\", but the memory plan of workflow wf-1 of project proj-1 permits only project \"proj-1\". Query project \"proj-1\", or stop following this workflow with 'labdrian workflow unbind'."}}
--- stderr ---

$ projection hook --event PreToolUse
# paused, the plan's project
--- stdin ---
{"session_id":"s1","transcript_path":"/t.jsonl","cwd":"<REPO>","permission_mode":"default","hook_event_name":"PreToolUse","tool_name":"mcp__longterm-mem__query","tool_input":{"project":"proj-1"},"tool_use_id":"toolu_01"}
--- exit ---
0
--- stdout ---
--- stderr ---

$ projection hook --event PreToolUse
# paused, an edit
--- stdin ---
{"session_id":"s1","transcript_path":"/t.jsonl","cwd":"<REPO>","permission_mode":"default","hook_event_name":"PreToolUse","tool_name":"Write","tool_input":{"file_path":"/repo/main.go","old_string":"a","new_string":"b"},"tool_use_id":"toolu_01"}
--- exit ---
0
--- stdout ---
{"hookSpecificOutput":{"hookEventName":"PreToolUse","permissionDecision":"deny","permissionDecisionReason":"labdrian: workflow wf-1 of project proj-1 is paused, so Write is denied: a paused workflow is not to be advanced. Resume it with 'labdrian workflow resume --project proj-1 --workflow wf-1', or stop following it with 'labdrian workflow unbind'."}}
--- stderr ---

