$ gate-task --contract-file /virtual/skills/_shared/contract.md --contract-path skills/_shared/minimalism-contract.md
# empty input
--- stdin ---

--- stdout ---
{}
--- stderr ---

$ gate-task --contract-file /virtual/skills/_shared/contract.md --contract-path skills/_shared/minimalism-contract.md
# not JSON
--- stdin ---
not json

--- stdout ---
{}
--- stderr ---

$ gate-task --contract-file /virtual/skills/_shared/contract.md --contract-path skills/_shared/minimalism-contract.md
# no tool_input
--- stdin ---
{"tool_name":"Agent"}

--- stdout ---
{}
--- stderr ---

$ gate-task --contract-file /virtual/skills/_shared/contract.md --contract-path skills/_shared/minimalism-contract.md
# a tool_input that is not an object
--- stdin ---
{"tool_name":"Agent","tool_input":"text"}

--- stdout ---
{}
--- stderr ---

$ gate-task --contract-file /virtual/skills/_shared/contract.md --contract-path skills/_shared/minimalism-contract.md
# no subagent_type
--- stdin ---
{"tool_name":"Agent","tool_input":{"description":"d","prompt":"p"}}

--- stdout ---
{}
--- stderr ---

$ gate-task --contract-file /virtual/skills/_shared/contract.md --contract-path skills/_shared/minimalism-contract.md
# no prompt
--- stdin ---
{"tool_name":"Agent","tool_input":{"description":"d","subagent_type":"sdd-apply"}}

--- stdout ---
{}
--- stderr ---

