$ gate-task --contract-file /virtual/skills/_shared/contract.md --contract-path skills/_shared/minimalism-contract.md --work-context-json {"trusted":true,"languages":["TypeScript"],"activations":["review"],"work_kinds":["application-code"]}
# a matching context
--- stdin ---
{"tool_input":{"description":"a sub-agent","prompt":"Do the phase.","subagent_type":"sdd-apply"},"tool_name":"Agent"}

--- stdout ---
{"hookSpecificOutput":{"hookEventName":"PreToolUse","permissionDecision":"allow","updatedInput":{"description":"a sub-agent","prompt":"Do the phase.\n\n## Skills to load before work\nskills/_shared/minimalism-contract.md\n","subagent_type":"sdd-apply"}}}
--- stderr ---

$ gate-task --contract-file /virtual/skills/_shared/contract.md --contract-path skills/_shared/minimalism-contract.md --work-context-json {"trusted":true,"languages":["go"],"activations":["review"],"work_kinds":["application-code"]}
# another language
--- stdin ---
{"tool_input":{"description":"a sub-agent","prompt":"Do the phase.","subagent_type":"sdd-apply"},"tool_name":"Agent"}

--- stdout ---
{}
--- stderr ---

