$ gate-task --embedded-contract anti-generic-design
# sdd-apply, no skills section
--- stdin ---
{"tool_input":{"description":"a sub-agent","prompt":"Do the phase.","subagent_type":"sdd-apply"},"tool_name":"Agent"}

--- stdout ---
{"hookSpecificOutput":{"hookEventName":"PreToolUse","permissionDecision":"allow","updatedInput":{"description":"a sub-agent","prompt":"Do the phase.\n\n## Skills to load before work\nskills/_shared/anti-generic-design.md\n","subagent_type":"sdd-apply"}}}
--- stderr ---

$ gate-task --embedded-contract anti-generic-design
# sdd-tasks, with a skills section
--- stdin ---
{"tool_input":{"description":"a sub-agent","prompt":"Do the phase.\n\n## Skills to load before work\n/skills/other/SKILL.md\n","subagent_type":"sdd-tasks"},"tool_name":"Agent"}

--- stdout ---
{"hookSpecificOutput":{"hookEventName":"PreToolUse","permissionDecision":"allow","updatedInput":{"description":"a sub-agent","prompt":"Do the phase.\n\n## Skills to load before work\nskills/_shared/anti-generic-design.md\n/skills/other/SKILL.md\n","subagent_type":"sdd-tasks"}}}
--- stderr ---

$ gate-task --embedded-contract anti-generic-design
# sdd-propose carrying the contract
--- stdin ---
{"tool_input":{"description":"a sub-agent","prompt":"Do the phase.\n\n## Skills to load before work\n/skills/other/SKILL.md\nskills/_shared/minimalism-contract.md\n","subagent_type":"sdd-propose"},"tool_name":"Agent"}

--- stdout ---
{}
--- stderr ---

$ gate-task --embedded-contract anti-generic-design
# sdd-explore, in neither list
--- stdin ---
{"tool_input":{"description":"a sub-agent","prompt":"Do the phase.\n\n## Skills to load before work\n/skills/other/SKILL.md\nskills/_shared/minimalism-contract.md\n","subagent_type":"sdd-explore"},"tool_name":"Agent"}

--- stdout ---
{}
--- stderr ---

$ gate-task --embedded-contract anti-generic-design --contract-path /abs/anti-generic-design.md
# an explicit path for the embedded contract
--- stdin ---
{"tool_input":{"description":"a sub-agent","prompt":"Do the phase.","subagent_type":"sdd-apply"},"tool_name":"Agent"}

--- stdout ---
{"hookSpecificOutput":{"hookEventName":"PreToolUse","permissionDecision":"allow","updatedInput":{"description":"a sub-agent","prompt":"Do the phase.\n\n## Skills to load before work\n/abs/anti-generic-design.md\n","subagent_type":"sdd-apply"}}}
--- stderr ---

$ gate-task --embedded-contract no-such-contract
# an unknown embedded contract
--- stdin ---
{"tool_input":{"description":"a sub-agent","prompt":"Do the phase.","subagent_type":"sdd-apply"},"tool_name":"Agent"}

--- stdout ---
{}
--- stderr ---
gate-task: warning: unknown embedded contract "no-such-contract" (passing through)

