$ gate-task --contract-file /virtual/skills/_shared/contract.md --contract-path skills/_shared/minimalism-contract.md
# keys indented
--- stdin ---
{"tool_input":{"description":"a sub-agent","prompt":"Do the phase.","subagent_type":"sdd-apply"},"tool_name":"Agent"}

--- stdout ---
{"hookSpecificOutput":{"hookEventName":"PreToolUse","permissionDecision":"allow","updatedInput":{"description":"a sub-agent","prompt":"Do the phase.\n\n## Skills to load before work\nskills/_shared/minimalism-contract.md\n","subagent_type":"sdd-apply"}}}
--- stderr ---

$ gate-task --contract-file /virtual/skills/_shared/contract.md --contract-path skills/_shared/minimalism-contract.md
# CRLF line endings
--- stdin ---
{"tool_input":{"description":"a sub-agent","prompt":"Do the phase.","subagent_type":"sdd-apply"},"tool_name":"Agent"}

--- stdout ---
{"hookSpecificOutput":{"hookEventName":"PreToolUse","permissionDecision":"allow","updatedInput":{"description":"a sub-agent","prompt":"Do the phase.\n\n## Skills to load before work\nskills/_shared/minimalism-contract.md\n","subagent_type":"sdd-apply"}}}
--- stderr ---

$ gate-task --contract-file /virtual/skills/_shared/contract.md --contract-path skills/_shared/minimalism-contract.md
# a later key wins over an earlier one
--- stdin ---
{"tool_input":{"description":"a sub-agent","prompt":"Do the phase.","subagent_type":"sdd-apply"},"tool_name":"Agent"}

--- stdout ---
{"hookSpecificOutput":{"hookEventName":"PreToolUse","permissionDecision":"allow","updatedInput":{"description":"a sub-agent","prompt":"Do the phase.\n\n## Skills to load before work\nskills/_shared/minimalism-contract.md\n","subagent_type":"sdd-apply"}}}
--- stderr ---

$ gate-task --contract-file /virtual/skills/_shared/contract.md --contract-path skills/_shared/minimalism-contract.md
# a preamble before the delimiters
--- stdin ---
{"tool_input":{"description":"a sub-agent","prompt":"Do the phase.","subagent_type":"sdd-apply"},"tool_name":"Agent"}

--- stdout ---
{"hookSpecificOutput":{"hookEventName":"PreToolUse","permissionDecision":"allow","updatedInput":{"description":"a sub-agent","prompt":"Do the phase.\n\n## Skills to load before work\nskills/_shared/minimalism-contract.md\n","subagent_type":"sdd-apply"}}}
--- stderr ---

$ gate-task --contract-file /virtual/skills/_shared/contract.md --contract-path skills/_shared/minimalism-contract.md
# a delimiter inside a value ends the frontmatter there
--- stdin ---
{"tool_input":{"description":"a sub-agent","prompt":"Do the phase.","subagent_type":"sdd-apply"},"tool_name":"Agent"}

--- stdout ---
{}
--- stderr ---
gate-task: warning: contract frontmatter unparseable: contract frontmatter missing or empty applies_to_phases: cannot derive scope without knowing which phases to inject into (passing through)

$ gate-task --contract-file /virtual/skills/_shared/contract.md --contract-path skills/_shared/minimalism-contract.md
# spaces around items
--- stdin ---
{"tool_input":{"description":"a sub-agent","prompt":"Do the phase.","subagent_type":"sdd-apply"},"tool_name":"Agent"}

--- stdout ---
{"hookSpecificOutput":{"hookEventName":"PreToolUse","permissionDecision":"allow","updatedInput":{"description":"a sub-agent","prompt":"Do the phase.\n\n## Skills to load before work\nskills/_shared/minimalism-contract.md\n","subagent_type":"sdd-apply"}}}
--- stderr ---

$ gate-task --contract-file /virtual/skills/_shared/contract.md --contract-path skills/_shared/minimalism-contract.md
# an empty item between commas
--- stdin ---
{"tool_input":{"description":"a sub-agent","prompt":"Do the phase.","subagent_type":"sdd-apply"},"tool_name":"Agent"}

--- stdout ---
{"hookSpecificOutput":{"hookEventName":"PreToolUse","permissionDecision":"allow","updatedInput":{"description":"a sub-agent","prompt":"Do the phase.\n\n## Skills to load before work\nskills/_shared/minimalism-contract.md\n","subagent_type":"sdd-apply"}}}
--- stderr ---

$ gate-task --contract-file /virtual/skills/_shared/contract.md --contract-path skills/_shared/minimalism-contract.md
# a key that merely starts with the name
--- stdin ---
{"tool_input":{"description":"a sub-agent","prompt":"Do the phase.","subagent_type":"sdd-apply"},"tool_name":"Agent"}

--- stdout ---
{}
--- stderr ---

