$ propagate --registry /virtual/project/.atl/skill-registry.md --contract-file /virtual/skills/_shared/contract.md
# a language_context that is not a list
exit: 1
--- stdout ---
--- stderr ---
error: malformed language_context: expected an inline list such as [a, b], got "typescript"
--- registry unchanged ---

$ propagate --registry /virtual/project/.atl/skill-registry.md --contract-file /virtual/skills/_shared/contract.md
# an activation_context that is not a list
exit: 1
--- stdout ---
--- stderr ---
error: malformed activation_context: expected an inline list such as [a, b], got "review"
--- registry unchanged ---

$ propagate --registry /virtual/project/.atl/skill-registry.md --contract-file /virtual/skills/_shared/contract.md
# a context_operator
exit: 1
--- stdout ---
--- stderr ---
error: unsupported context_operator
--- registry unchanged ---

