$ workflow status --project proj-1 --workflow wf-1
exit: 0
--- stdout ---
{
  "classification": "owned",
  "status": "running",
  "profile": "odd",
  "goal_id": "goal-1",
  "goal_digest": "3fa80a4c34f1198a2fe03c95ecaaab97721dd5a94dce91612f2612b4208e54ac",
  "stages": [
    "authorize",
    "explore"
  ],
  "last_verified_seq": -1
}
--- stderr ---

$ workflow verify --project proj-1 --workflow wf-1 --goal <GOAL>
exit: 0
--- stdout ---
{
  "classification": "owned",
  "status": "running",
  "profile": "odd",
  "goal_id": "goal-1",
  "goal_digest": "3fa80a4c34f1198a2fe03c95ecaaab97721dd5a94dce91612f2612b4208e54ac",
  "stages": [
    "authorize",
    "explore"
  ],
  "last_verified_seq": 4
}
--- stderr ---

$ workflow status --project proj-1 --workflow wf-1
exit: 0
--- stdout ---
{
  "classification": "owned",
  "status": "running",
  "profile": "odd",
  "goal_id": "goal-1",
  "goal_digest": "3fa80a4c34f1198a2fe03c95ecaaab97721dd5a94dce91612f2612b4208e54ac",
  "stages": [
    "authorize",
    "explore"
  ],
  "last_verified_seq": 4
}
--- stderr ---

