--- doctor ---
{
  "project": "labdrian-sdd-overlay",
  "checks": [
    {
      "name": "vault-config-resolvable",
      "status": "PASS"
    },
    {
      "name": "address-map-integrity",
      "status": "FAIL",
      "detail": "address c-000042 has no address_map entry"
    },
    {
      "name": "wiki-registration-consistency",
      "status": "PASS"
    },
    {
      "name": "precedence-sidecar-consistency",
      "status": "PASS"
    },
    {
      "name": "runtime-prerequisites",
      "status": "PASS"
    },
    {
      "name": "embedding-index-present",
      "status": "PASS"
    },
    {
      "name": "embedding-index-fresh",
      "status": "PASS"
    },
    {
      "name": "embedding-backend-reachable",
      "status": "PASS"
    }
  ]
}
--- status ---
{
  "project": "labdrian-sdd-overlay",
  "engram_reachable": true,
  "vault_provisioned": false,
  "last_sync_completed_at": "never",
  "embedding_index_built_at": "2026-01-01T00:00:00Z"
}
