$ propagate --registry /virtual/project/.atl/skill-registry.md --contract-file /virtual/skills/_shared/contract.md
# empty, then absent twice: the registry existed, so the run fails
--- io ---
read /virtual/skills/_shared/contract.md -> 213 bytes
read /virtual/project/.atl/skill-registry.md -> 0 bytes
read /virtual/skills/_shared/contract.md -> 213 bytes
read /virtual/project/.atl/skill-registry.md -> error: open /virtual/project/.atl/skill-registry.md: file does not exist
read /virtual/skills/_shared/contract.md -> 213 bytes
read /virtual/project/.atl/skill-registry.md -> error: open /virtual/project/.atl/skill-registry.md: file does not exist
exit: 1
--- stdout ---
--- stderr ---
error: the registry at /virtual/project/.atl/skill-registry.md was in an inconsistent state across 3 attempts — refusing to propagate
--- registry unchanged ---

