$ memory plan --profile standalone-minimal
exit: 0
--- stdout ---
{
  "scope": "none",
  "sources": [],
  "filters": {},
  "write": "none",
  "authority": "this plan executes no query and grants no memory write; executing it is a runtime adapter's responsibility outside this package (Phase 7)",
  "omitted_filters": []
}
--- stderr ---

$ memory plan --profile standalone-minimal --goal <GOAL>
exit: 0
--- stdout ---
{
  "scope": "none",
  "sources": [],
  "filters": {},
  "write": "none",
  "authority": "this plan executes no query and grants no memory write; executing it is a runtime adapter's responsibility outside this package (Phase 7)",
  "omitted_filters": [
    "project_id",
    "goal_id"
  ]
}
--- stderr ---

$ workflow create --project proj-1 --workflow wf-1 --goal <GOAL> --profile standalone-minimal
exit: 0
--- stdout ---
{
  "classification": "owned",
  "status": "created",
  "profile": "standalone-minimal",
  "goal_id": "goal-1",
  "goal_digest": "3fa80a4c34f1198a2fe03c95ecaaab97721dd5a94dce91612f2612b4208e54ac",
  "stages": [],
  "last_verified_seq": -1
}
--- stderr ---

observations of the created event:

$ workflow start --project proj-1 --workflow wf-1
exit: 0
--- stdout ---
status running, stages []
--- stderr ---

$ workflow stage --project proj-1 --workflow wf-1 --stage report
exit: 2
--- stdout ---
--- stderr ---
error: workflow stage: workflow lifecycle: stage is not the profile's next declared stage: got "report", want "authorize" (profile "standalone-minimal"'s next declared stage)

$ workflow stage --project proj-1 --workflow wf-1 --stage no-such-stage
exit: 2
--- stdout ---
--- stderr ---
error: workflow stage: workflow lifecycle: stage is not the profile's next declared stage: got "no-such-stage", want "authorize" (profile "standalone-minimal"'s next declared stage)

$ workflow stage --project proj-1 --workflow wf-1 --stage authorize
exit: 0
--- stdout ---
status running, stages [authorize]
--- stderr ---

$ workflow stage --project proj-1 --workflow wf-1 --stage authorize
exit: 2
--- stdout ---
--- stderr ---
error: workflow stage: workflow lifecycle: stage is not the profile's next declared stage: got "authorize", want "bound-scope" (profile "standalone-minimal"'s next declared stage)

$ workflow stage --project proj-1 --workflow wf-1 --stage no-such-stage
exit: 2
--- stdout ---
--- stderr ---
error: workflow stage: workflow lifecycle: stage is not the profile's next declared stage: got "no-such-stage", want "bound-scope" (profile "standalone-minimal"'s next declared stage)

$ workflow stage --project proj-1 --workflow wf-1 --stage report
exit: 2
--- stdout ---
--- stderr ---
error: workflow stage: workflow lifecycle: stage is not the profile's next declared stage: got "report", want "bound-scope" (profile "standalone-minimal"'s next declared stage)

$ workflow stage --project proj-1 --workflow wf-1 --stage bound-scope
exit: 0
--- stdout ---
status running, stages [authorize bound-scope]
--- stderr ---

$ workflow stage --project proj-1 --workflow wf-1 --stage execute-one-bounded-sequential-path
exit: 0
--- stdout ---
status running, stages [authorize bound-scope execute-one-bounded-sequential-path]
--- stderr ---

$ workflow stage --project proj-1 --workflow wf-1 --stage check
exit: 0
--- stdout ---
status running, stages [authorize bound-scope execute-one-bounded-sequential-path check]
--- stderr ---

$ workflow stage --project proj-1 --workflow wf-1 --stage report
exit: 0
--- stdout ---
status running, stages [authorize bound-scope execute-one-bounded-sequential-path check report]
--- stderr ---

$ workflow stage --project proj-1 --workflow wf-1 --stage authorize
exit: 2
--- stdout ---
--- stderr ---
error: workflow stage: workflow lifecycle: stage is not the profile's next declared stage: profile "standalone-minimal"'s declared stages are all recorded

$ workflow status --project proj-1 --workflow wf-1
exit: 0
--- stdout ---
{
  "classification": "owned",
  "status": "running",
  "profile": "standalone-minimal",
  "goal_id": "goal-1",
  "goal_digest": "3fa80a4c34f1198a2fe03c95ecaaab97721dd5a94dce91612f2612b4208e54ac",
  "stages": [
    "authorize",
    "bound-scope",
    "execute-one-bounded-sequential-path",
    "check",
    "report"
  ],
  "last_verified_seq": -1
}
--- stderr ---

$ workflow verify --project proj-1 --workflow wf-1 --goal <GOAL>
exit: 0
--- stdout ---
{
  "classification": "owned",
  "status": "running",
  "profile": "standalone-minimal",
  "goal_id": "goal-1",
  "goal_digest": "3fa80a4c34f1198a2fe03c95ecaaab97721dd5a94dce91612f2612b4208e54ac",
  "stages": [
    "authorize",
    "bound-scope",
    "execute-one-bounded-sequential-path",
    "check",
    "report"
  ],
  "last_verified_seq": 7
}
--- stderr ---

$ workflow close --project proj-1 --workflow wf-1 --outcome completed
exit: 0
--- stdout ---
{
  "classification": "owned",
  "status": "closed",
  "profile": "standalone-minimal",
  "goal_id": "goal-1",
  "goal_digest": "3fa80a4c34f1198a2fe03c95ecaaab97721dd5a94dce91612f2612b4208e54ac",
  "stages": [
    "authorize",
    "bound-scope",
    "execute-one-bounded-sequential-path",
    "check",
    "report"
  ],
  "last_verified_seq": 7,
  "close_outcome": "completed"
}
--- stderr ---

$ workflow status --project proj-1 --workflow wf-1
exit: 0
--- stdout ---
{
  "classification": "owned",
  "status": "closed",
  "profile": "standalone-minimal",
  "goal_id": "goal-1",
  "goal_digest": "3fa80a4c34f1198a2fe03c95ecaaab97721dd5a94dce91612f2612b4208e54ac",
  "stages": [
    "authorize",
    "bound-scope",
    "execute-one-bounded-sequential-path",
    "check",
    "report"
  ],
  "last_verified_seq": 7,
  "close_outcome": "completed"
}
--- stderr ---

