# a shared lock creates nothing, so a read-only overlay is read
$ skills validate --source-root <WORLD>/skills
exit: 0
--- stdout ---
registry and manifest aligned (4 skills)
skills/ on disk matches overlay.manifest (4 files)
global skill approvals verified (3 skills: 3 approved, 0 grandfathered)
--- stderr ---

$ skills list
exit: 0
--- stdout ---
alpha	custom	overlay-only	claude,opencode
beta	core	vendor-merge	claude,opencode,codex,pi
ext-one	external	overlay-only	claude
tidy-notes	custom	overlay-only	claude,pi
--- stderr ---

$ skills status
exit: 0
--- stdout ---
Total:  4
Core:   1
Custom: 2
Status: OK
--- stderr ---

