# a lock with a byte that is not UTF-8 inside a string
$ skills install --registry <WORLD>/overlay/skills.registry.yaml --source-root <WORLD>/overlay/skills (in demo)
exit: 1
--- stdout ---
--- stderr ---
error: skills install: the project lock .labdrian/procedural-skills.lock.json cannot be read, so nothing was changed and the lock was left as it is: parse project lock: input is not valid UTF-8
error: skills install: refused, so nothing was installed

--- tree of demo ---
.labdrian/
.labdrian/procedural-skills.lock.json (178 bytes)

