# a word after the verb
$ skills validate extra --source-root <WORLD>/skills
exit: 0
--- stdout ---
registry and manifest aligned (4 skills)
skills/ on disk matches overlay.manifest (4 files)
global skill approvals verified (3 skills: 3 approved, 0 grandfathered)
--- stderr ---

# a word as the last argument
$ skills validate --source-root <WORLD>/skills extra
exit: 0
--- stdout ---
registry and manifest aligned (4 skills)
skills/ on disk matches overlay.manifest (4 files)
global skill approvals verified (3 skills: 3 approved, 0 grandfathered)
--- stderr ---

