# install: a registry that is not there
$ skills install --registry <WORLD>/refused/installa.yaml --source-root <WORLD>/overlay/skills (in demo)
exit: 1
--- stdout ---
--- stderr ---
error: reading registry "<WORLD>/refused/installa.yaml": open <WORLD>/refused/installa.yaml: no such file or directory

# install: a registry with a key the reader does not know
$ skills install --registry <WORLD>/refused/installb.yaml --source-root <WORLD>/overlay/skills (in demo)
exit: 0
--- stdout ---
no project-scoped skills admitted for project "demo"
--- stderr ---
warning: registry fields left unread: line 7: unknown key "mirror" in source

# install: a registry of a version it does not know
$ skills install --registry <WORLD>/refused/installc.yaml --source-root <WORLD>/overlay/skills (in demo)
exit: 1
--- stdout ---
--- stderr ---
error: parsing registry: skills: version "3" is not supported; only version "1" is valid

# install: a registry with a value outside its vocabulary
$ skills install --registry <WORLD>/refused/installd.yaml --source-root <WORLD>/overlay/skills (in demo)
exit: 1
--- stdout ---
--- stderr ---
error: parsing registry: skills: entry "alpha": install.targets contains invalid value "vim"; must be one of: claude, codex, pi, opencode

# adopt: a registry that is not there
$ skills adopt --registry <WORLD>/refused/adopta.yaml --source-root <WORLD>/overlay/skills (in demo)
exit: 1
--- stdout ---
--- stderr ---
error: reading registry "<WORLD>/refused/adopta.yaml": open <WORLD>/refused/adopta.yaml: no such file or directory

# adopt: a registry with a key the reader does not know
$ skills adopt --registry <WORLD>/refused/adoptb.yaml --source-root <WORLD>/overlay/skills (in demo)
exit: 0
--- stdout ---
no project-scoped skills admitted for project "demo"
--- stderr ---
warning: registry fields left unread: line 7: unknown key "mirror" in source

# adopt: a registry of a version it does not know
$ skills adopt --registry <WORLD>/refused/adoptc.yaml --source-root <WORLD>/overlay/skills (in demo)
exit: 1
--- stdout ---
--- stderr ---
error: parsing registry: skills: version "3" is not supported; only version "1" is valid

# adopt: a registry with a value outside its vocabulary
$ skills adopt --registry <WORLD>/refused/adoptd.yaml --source-root <WORLD>/overlay/skills (in demo)
exit: 1
--- stdout ---
--- stderr ---
error: parsing registry: skills: entry "alpha": install.targets contains invalid value "vim"; must be one of: claude, codex, pi, opencode

--- tree of demo ---
(empty)

