$ pipkg build --overlay-root <WORLD>/overlay --registry <WORLD>/overlay/skills.registry.yaml --dest-dir <WORLD>/out/labdrian-pi
exit: 0
--- stdout ---
pipkg build: labdrian-pi package written to <WORLD>/out/labdrian-pi
--- stderr ---

# build: a registry that is not there
$ pipkg build --overlay-root <WORLD>/overlay --registry <WORLD>/refused/builda.yaml --dest-dir <WORLD>/out/labdrian-pi
exit: 1
--- stdout ---
--- stderr ---
pipkg build: pipkg: opening registry: open <WORLD>/refused/builda.yaml: no such file or directory

# build: a registry with a key the reader does not know
$ pipkg build --overlay-root <WORLD>/overlay --registry <WORLD>/refused/buildb.yaml --dest-dir <WORLD>/out/labdrian-pi
exit: 0
--- stdout ---
pipkg build: labdrian-pi package written to <WORLD>/out/labdrian-pi
--- stderr ---

# build: a registry of a version it does not know
$ pipkg build --overlay-root <WORLD>/overlay --registry <WORLD>/refused/buildc.yaml --dest-dir <WORLD>/out/labdrian-pi
exit: 1
--- stdout ---
--- stderr ---
pipkg build: pipkg: parsing registry: skills: version "3" is not supported; only version "1" is valid

# build: a registry with a value outside its vocabulary
$ pipkg build --overlay-root <WORLD>/overlay --registry <WORLD>/refused/buildd.yaml --dest-dir <WORLD>/out/labdrian-pi
exit: 1
--- stdout ---
--- stderr ---
pipkg build: pipkg: parsing registry: skills: entry "alpha": install.targets contains invalid value "vim"; must be one of: claude, opencode, codex, pi

# check: a registry that is not there
$ pipkg check --overlay-root <WORLD>/overlay --registry <WORLD>/refused/checka.yaml --dest-dir <WORLD>/out/labdrian-pi
exit: 1
--- stdout ---
pipkg check: compared against the worktree (overlay root is not a git repository)
--- stderr ---
pipkg check: pipkg: opening registry: open <WORLD>/refused/checka.yaml: no such file or directory

# check: a registry with a key the reader does not know
$ pipkg check --overlay-root <WORLD>/overlay --registry <WORLD>/refused/checkb.yaml --dest-dir <WORLD>/out/labdrian-pi
exit: 0
--- stdout ---
pipkg check: compared against the worktree (overlay root is not a git repository)
pipkg check: OK (built package matches the current manifest)
--- stderr ---

# check: a registry of a version it does not know
$ pipkg check --overlay-root <WORLD>/overlay --registry <WORLD>/refused/checkc.yaml --dest-dir <WORLD>/out/labdrian-pi
exit: 1
--- stdout ---
pipkg check: compared against the worktree (overlay root is not a git repository)
--- stderr ---
pipkg check: pipkg: parsing registry: skills: version "3" is not supported; only version "1" is valid

# check: a registry with a value outside its vocabulary
$ pipkg check --overlay-root <WORLD>/overlay --registry <WORLD>/refused/checkd.yaml --dest-dir <WORLD>/out/labdrian-pi
exit: 1
--- stdout ---
pipkg check: compared against the worktree (overlay root is not a git repository)
--- stderr ---
pipkg check: pipkg: parsing registry: skills: entry "alpha": install.targets contains invalid value "vim"; must be one of: claude, opencode, codex, pi

# and the package that was built is as it was
--- tree of out ---
labdrian-pi/
labdrian-pi/agents/
labdrian-pi/agents/GADU.md
labdrian-pi/extensions/
labdrian-pi/extensions/labdrian-gate.ts
labdrian-pi/mcp.json
labdrian-pi/package.json
labdrian-pi/skills/
labdrian-pi/skills/_shared/
labdrian-pi/skills/_shared/anti-generic-design.md
labdrian-pi/skills/_shared/minimalism-contract.md

